[tnsolutions.ca/index.html]
[backblue.gif]
[fade.gif]
[index.html]
[tnsolutions.ca/wp-content/cache/min/1/7de9169436c57713a0c9a2bd0b54a6f2.css]
[tnsolutions.ca/wp-includes/js/jquery/jquery.min5aed.js]
[tnsolutions.ca/wp-includes/js/jquery/jquery-migrate.min6b00.js]
[tnsolutions.ca/wp-content/plugins/sticky-menu-or-anything-on-scroll/assets/js/jq-sticky-anything.mine1fc.js]
[tnsolutions.ca/wp-content/plugins/elementor/assets/lib/font-awesome/js/v4-shims.mina3be.js]
[tnsolutions.ca/feed/index.html]
[tnsolutions.ca/comments/feed/index.html]
[tnsolutions.ca/wp-json/index.html]
[tnsolutions.ca/wp-json/wp/v2/pages/8.json]
[tnsolutions.ca/wp-includes/wlwmanifest.xml]
[tnsolutions.ca/wp-json/oembed/1.0/embedb883.json]
[tnsolutions.ca/wp-json/oembed/1.0/embed2d7f]
[tnsolutions.ca/wp-content/uploads/2022/09/lloogg.png]
[tnsolutions.ca/wp-content/uploads/2022/09/logo-e1663936419478.png]
[tnsolutions.ca/wp-content/uploads/2022/12/Sign-up.png]
[tnsolutions.ca/wp-content/uploads/2022/12/Customized-Service.png]
[tnsolutions.ca/wp-content/uploads/2022/12/Multiple-Currencies.png]
[tnsolutions.ca/wp-content/uploads/2022/12/Simple.png]
[tnsolutions.ca/wp-content/uploads/2022/12/Real-Time-Payments.png]
[tnsolutions.ca/solutions/index.html]
[tnsolutions.ca/about-us/index.html]
[tnsolutions.ca/faq/index.html]
[tnsolutions.ca/contact-us/index.html]
[tnsolutions.ca/wp-content/uploads/2022/12/Visibility-and-Control.png]
[tnsolutions.ca/wp-content/uploads/2022/11/FCC1.jpg]
[tnsolutions.ca/wp-content/uploads/2022/12/FCC2-copy.jpg]
[tnsolutions.ca/wp-content/uploads/2022/09/3d-BG-01.jpg]
[tnsolutions.ca/wp-content/cache/min/1/wp-content/plugins/sticky-menu-or-anything-on-scroll/assets/js/stickThis6f67.js]
[tnsolutions.ca/wp-content/themes/hello-elementor/assets/js/hello-frontend.min8a54.js]
[tnsolutions.ca/wp-content/plugins/elementor/assets/js/webpack.runtime.mina3be.js]
[tnsolutions.ca/wp-content/plugins/elementor/assets/js/frontend-modules.mina3be.js]
[tnsolutions.ca/wp-content/plugins/elementor/assets/lib/waypoints/waypoints.min05da.js]
[tnsolutions.ca/wp-includes/js/jquery/ui/core.min3f14.js]
[tnsolutions.ca/wp-content/plugins/elementor/assets/js/frontend.mina3be.js]
[tnsolutions.ca/wp-content/cache/min/1/wp-content/plugins/jeg-elementor-kit/assets/js/elements/sticky-element6f67.js]
[tnsolutions.ca/wp-content/cache/min/1/wp-content/plugins/jeg-elementor-kit/assets/js/elements/nav-menu6f67.js]
[tnsolutions.ca/wp-content/cache/min/1/wp-content/plugins/jeg-elementor-kit/assets/js/elements/animated-text6f67.js]
[tnsolutions.ca/wp-content/cache/min/1/wp-content/plugins/jeg-elementor-kit/assets/js/elements/mailchimp6f67.js]
[tnsolutions.ca/wp-content/plugins/wp-rocket/assets/js/lazyload/17.5/lazyload.min.js]
[tnsolutions.ca/index.html]
[tnsolutions.ca/wp-content/plugins/elementor/assets/lib/font-awesome/webfonts/fa-brands-401.html]
[tnsolutions.ca/wp-content/uploads/2022/11/RM1.jpg]
[tnsolutions.ca/wp-content/cache/min/1/7de9169436c57713a0c9a2bd0b54a6f2.css]
[tnsolutions.ca/wp-includes/js/jquery/jquery.min5aed.js]
[tnsolutions.ca/wp-includes/js/jquery/jquery-migrate.min6b00.js]
[tnsolutions.ca/wp-content/plugins/sticky-menu-or-anything-on-scroll/assets/js/jq-sticky-anything.mine1fc.js]
[tnsolutions.ca/wp-content/plugins/elementor/assets/lib/font-awesome/js/v4-shims.mina3be.js]
[tnsolutions.ca/Trident/index.html]
[tnsolutions.ca/wp-json/wp/v2/pages/308.json]
[tnsolutions.ca/wp-json/oembed/1.0/embed6634.json]
[tnsolutions.ca/wp-json/oembed/1.0/embed86c7]
[tnsolutions.ca/wp-content/uploads/2023/03/Convenience-Icons.jpg]
[tnsolutions.ca/wp-content/uploads/2023/03/Visibility-Icons.jpg]
[tnsolutions.ca/wp-content/uploads/2023/03/Security-icons.jpg]
[tnsolutions.ca/solutions/index.html]
[tnsolutions.ca/wp-json/wp/v2/pages/92.json]
[tnsolutions.ca/wp-json/oembed/1.0/embed4055.json]
[tnsolutions.ca/wp-json/oembed/1.0/embed42c2]
[tnsolutions.ca/about-us/index.html]
[tnsolutions.ca/wp-json/wp/v2/pages/131.json]
[tnsolutions.ca/wp-json/oembed/1.0/embedea0f.json]
[tnsolutions.ca/wp-json/oembed/1.0/embedff18]
[tnsolutions.ca/faq/index.html]
[tnsolutions.ca/wp-json/wp/v2/pages/101.json]
[tnsolutions.ca/wp-json/oembed/1.0/embed95cd.json]
[tnsolutions.ca/wp-json/oembed/1.0/embedc122]
[tnsolutions.ca/contact-us/index.html]
[tnsolutions.ca/newsite/index.html]
[tnsolutions.ca/wp-content/plugins/jeg-elementor-kit/lib/jeg-framework/assets/css/jeg-dynamic-styles077c.css]
[tnsolutions.ca/wp-content/cache/min/1/wp-content/plugins/sticky-menu-or-anything-on-scroll/assets/js/stickThis6f67.js]
[tnsolutions.ca/wp-content/themes/hello-elementor/assets/js/hello-frontend.min8a54.js]
[tnsolutions.ca/wp-content/plugins/elementor/assets/js/webpack.runtime.mina3be.js]
[tnsolutions.ca/wp-content/plugins/elementor/assets/js/frontend-modules.mina3be.js]
[tnsolutions.ca/wp-content/plugins/elementor/assets/lib/waypoints/waypoints.min05da.js]
[tnsolutions.ca/wp-includes/js/jquery/ui/core.min3f14.js]
[tnsolutions.ca/-negative.svg]
[tnsolutions.ca/wp-content/plugins/elementor/assets/js/frontend.mina3be.js]
[tnsolutions.ca/indexe2f2.html]
[tnsolutions.ca/wp-content/cache/min/1/wp-content/plugins/jeg-elementor-kit/assets/js/elements/sticky-element6f67.js]
[tnsolutions.ca/wp-content/cache/min/1/wp-content/plugins/jeg-elementor-kit/assets/js/elements/nav-menu6f67.js]
[tnsolutions.ca/wp-content/cache/min/1/wp-content/plugins/jeg-elementor-kit/assets/js/elements/animated-text6f67.js]
[tnsolutions.ca/wp-content/cache/min/1/wp-content/plugins/jeg-elementor-kit/assets/js/elements/mailchimp6f67.js]
[tnsolutions.ca/wp-content/plugins/wp-rocket/assets/js/lazyload/17.5/lazyload.min.js]
[tnsolutions.ca/wp-content/plugins/jeg-elementor-kit/assets/img/letter-x.svg]
[tnsolutions.ca/wp-content/plugins/elementor/assets/lib/eicons/fonts/eiconsd6bb.html]
[tnsolutions.ca/wp-content/plugins/elementor/assets/lib/eicons/fonts/eiconsd6bb-2.html]
[tnsolutions.ca/wp-content/plugins/elementor/assets/lib/eicons/fonts/eiconsd6bb-3.html]
[tnsolutions.ca/wp-content/plugins/elementor/assets/lib/eicons/fonts/eiconsd6bb-4.html]
[tnsolutions.ca/wp-content/plugins/elementor/assets/lib/eicons/fonts/eiconsd6bb.svg]
[tnsolutions.ca/wp-content/plugins/elementor/assets/lib/font-awesome/webfonts/fa-brands-400.html]
[tnsolutions.ca/wp-content/plugins/elementor/assets/lib/font-awesome/webfonts/fa-brands-400d41d.html]
[tnsolutions.ca/wp-content/plugins/elementor/assets/lib/font-awesome/webfonts/fa-brands-401.html]
[tnsolutions.ca/wp-content/plugins/elementor/assets/lib/font-awesome/webfonts/fa-brands-402.html]
[tnsolutions.ca/wp-content/plugins/elementor/assets/lib/font-awesome/webfonts/fa-brands-403.html]
[tnsolutions.ca/wp-content/plugins/elementor/assets/lib/font-awesome/webfonts/fa-brands-400.svg]
[tnsolutions.ca/wp-content/plugins/elementor/assets/lib/font-awesome/webfonts/fa-regular-400.html]
[tnsolutions.ca/wp-content/plugins/elementor/assets/lib/font-awesome/webfonts/fa-regular-400d41d.html]
[tnsolutions.ca/wp-content/plugins/elementor/assets/lib/font-awesome/webfonts/fa-regular-401.html]
[tnsolutions.ca/wp-content/plugins/elementor/assets/lib/font-awesome/webfonts/fa-regular-402.html]
[tnsolutions.ca/wp-content/plugins/elementor/assets/lib/font-awesome/webfonts/fa-regular-403.html]
[tnsolutions.ca/wp-content/plugins/elementor/assets/lib/font-awesome/webfonts/fa-regular-400.svg]
[tnsolutions.ca/wp-content/plugins/elementor/assets/lib/font-awesome/webfonts/fa-solid-900.html]
[tnsolutions.ca/wp-content/plugins/elementor/assets/lib/font-awesome/webfonts/fa-solid-900d41d.html]
[tnsolutions.ca/wp-content/plugins/elementor/assets/lib/font-awesome/webfonts/fa-solid-901.html]
[tnsolutions.ca/wp-content/plugins/elementor/assets/lib/font-awesome/webfonts/fa-solid-902.html]
[tnsolutions.ca/wp-content/plugins/elementor/assets/lib/font-awesome/webfonts/fa-solid-903.html]
[tnsolutions.ca/wp-content/plugins/elementor/assets/lib/font-awesome/webfonts/fa-solid-900.svg]
[tnsolutions.ca/Trident/index.html]
[tnsolutions.ca/OPR/index.html]
[tnsolutions.ca/wp-content/plugins/jeg-elementor-kit/assets/fonts/jkiticon/jkiticon7107-2.html]
[tnsolutions.ca/wp-content/cache/min/1/c0a957da8e5e59b5585067674fbdf1a1.css]
[tnsolutions.ca/indexf454.html]
[tnsolutions.ca/wp-content/cache/min/1/e0daf5594013a8bcffb453ff1cd30c59.css]
[tnsolutions.ca/index8e15.html]
[tnsolutions.ca/wp-content/cache/min/1/896289386c311b7d90d7ff8b203cc4f4.css]
[tnsolutions.ca/indexd52d.html]
[tnsolutions.ca/wp-content/cache/min/1/b846175ac11a5d44fa2a4eea8a45b680.css]
[tnsolutions.ca/index198a.html]
[tnsolutions.ca/wp-content/cache/min/1/wp-content/plugins/metform/public/assets/js/htm5aa7.js]
[tnsolutions.ca/wp-includes/js/dist/vendor/wp-polyfill-inert.min0226.js]
[tnsolutions.ca/wp-includes/js/dist/vendor/regenerator-runtime.min8fa4.js]
[tnsolutions.ca/wp-includes/js/dist/vendor/wp-polyfill.min2c7c.js]
[tnsolutions.ca/wp-includes/js/dist/vendor/react.min7a3b.js]
[tnsolutions.ca/wp-includes/js/dist/vendor/react-dom.min7a3b.js]
[tnsolutions.ca/wp-includes/js/dist/escape-html.min0311.js]
[tnsolutions.ca/wp-includes/js/dist/element.mind52e.js]
[tnsolutions.ca/wp-content/cache/min/1/wp-content/plugins/metform/public/assets/js/app5aa7.js]
[tnsolutions.ca/-negative.html]
[tnsolutions.ca/OPR/index.html]
[tnsolutions.ca/xmlrpc.html]
[tnsolutions.ca/xmlrpc0db0.html]
[tnsolutions.ca/wp-content/plugins/jeg-elementor-kit/assets/fonts/jkiticon/jkiticon7107.html]
[tnsolutions.ca/wp-content/plugins/jeg-elementor-kit/assets/fonts/jkiticon/jkiticon7107-2.html]
[tnsolutions.ca/wp-content/plugins/jeg-elementor-kit/assets/fonts/jkiticon/jkiticon7107-3.html]
[tnsolutions.ca/wp-content/plugins/jeg-elementor-kit/assets/fonts/jkiticon/jkiticon7107-4.html]
[tnsolutions.ca/wp-content/plugins/jeg-elementor-kit/assets/fonts/jkiticon/jkiticon7107.svg]
[tnsolutions.ca/contact-us/$&/index.html]
[tnsolutions.ca/contact-us/$&/index.html]
